

                                                                   #      #
                                                                   #  N   #
                                                                   #  o   #
                                                                   #  r   #
                                                                   #  t   #
                                                                   #  h   #
                                                                   #      #
                                                                   #  C   #
                                                                   #  e   #
          N                                                        #  n   ####################################
        W + E                                                      #  t   #   1   #  #      #      #  |      #                       
          S                                                        #  e   #       #  |  15  #  14  |  #  13  #                     
                                                                   #  r   ###==####  ###############  ########                     
                                                                   #      #       #  #      #      #  |      #                    
                                                                   #  S   #  Inn  #  |  12  #  11  |  #  10  #                     
                                                                   #  t   |       #  ###############  ########                     
                                                                   #  r   #       #  #      #      #  |      #                     
                                                                   #  e   #       #2 |  9   #  8   |3 #  7   #                       
                                                                   #  e   ##==#####==###############==########                             
                                                                   #  t   #                  1               #                             
                                                                   #      ##==#####==#####==#####==#####==####                                                                 
                                                                   #      #      #      #      #      #      #                      
                                                                   #      #  2   #  3   #  4   #  5   #  6   #                                        
                                                                   #      ####################################                                        
                                                                   #      #                                                                                     
                                                                   #      #                                                                                     
                                                                   #      #                                                                                     
                                                                   #      #                                                                                     
                                                                   #      #                                                                                     
                                                                   #      #                         ################                                            
                                                                   #      #                         #              #                                            
                                                            #########====#########                  #   City Hall  #                                            
                                                            #                    #                  #              #                                            
                                                            #                    #                  #              #                                            
                                                            #                    #                  #              #                                            
#############################################################                    ##########################==#####################
|                                                           |     City Center    |                                               |
|                 West Main Street                          |                    |           East Main Street                    |
#############################################################                    #############==#########==#####==################
                                           #                #                    # Pawn #               #  #         #                          
                                           #                #                    | Shop #    Market     #  #    C    #                          
                                           #                #                    #      #               #  #         #                          
                                           #                #########====##########################==####  ###########            
                                           #                       #      #             |     #                                                                      
                                           #                       #  S   #             #  E  #                                                                      
                                           #                       #  o   #             #     #                                                                      
                                           #      Park             #  u   #      D      #######                                                                      
                                           #                       #  t   |             #                                                                           
                                           #                       #  h   #             #                                                                           
                                           #                       #      ###############                                                                           
                                           #                       #  C   #                                                                                         
                                           #########################  e   #                                                                                         
                                                                   #  n   #                                                                                         
                                                                   #  t   #                                                                                         
                                                                   #  e   #                                                                                         
                                                                   #  r   #                                                                                         
                                                                   #      #                                                                                         
                                                                   #  S   #                                                                                         
                                                                   #  t   #                                                                                         
                                                                   #  r   #                                                                                         
                                                                   #  e   #                                                                                         
                                                                   #  e   #                                                                                         
                                                                   #  t   #                                                                                         
                                                                   #      #                                                                                         
                                                                   #      #                                                                                         
                                                                   #      #                                                                                         
                                                                   #      #                                                                                         
                                                                   #      #                                                                                         
                                                                   #      #                                                                                         
                                                                   #      #                                                                                         
                                                                   #      #                                                                                         
                                                                   #      #                                                                                         
                                                                   #      #                                                                                         
                                                                   #      #                                                                                         
                                                                   #      #                                                                                         


C: 
D: 
E: 














